== 1. wipe to prove fresh-checkout startup (down -v) ==
== 2. build + start, wait for healthchecks ==
 Image predictive-ml-lab-api Building 
 Image predictive-ml-lab-web Building 
#1 [internal] load local bake definitions
#1 reading from stdin 1.01kB done
#1 DONE 0.0s

#2 [api internal] load build definition from Dockerfile
#2 transferring dockerfile: 657B done
#2 DONE 0.0s

#3 [web internal] load build definition from Dockerfile
#3 transferring dockerfile: 555B done
#3 DONE 0.0s

#4 [web internal] load metadata for docker.io/library/node:22-slim
#4 ...

#5 [web internal] load metadata for docker.io/library/nginx:1.27-alpine
#5 DONE 0.2s

#4 [web internal] load metadata for docker.io/library/node:22-slim
#4 DONE 0.2s

#6 [api internal] load metadata for docker.io/library/python:3.12-slim
#6 DONE 0.2s

#7 [web internal] load .dockerignore
#7 transferring context: 158B done
#7 DONE 0.0s

#8 [api internal] load build context
#8 transferring context: 1.36kB done
#8 DONE 0.0s

#9 [web build 1/6] FROM docker.io/library/node:22-slim@sha256:c3de60bf2f9dd0ac6370e6117950ff62d6e339527e7472301c9c78a017978392
#9 resolve docker.io/library/node:22-slim@sha256:c3de60bf2f9dd0ac6370e6117950ff62d6e339527e7472301c9c78a017978392 0.0s done
#9 DONE 0.0s

#10 [web stage-1 1/2] FROM docker.io/library/nginx:1.27-alpine@sha256:65645c7bb6a0661892a8b03b89d0743208a18dd2f3f17a54ef4b76fb8e2f2a10
#10 resolve docker.io/library/nginx:1.27-alpine@sha256:65645c7bb6a0661892a8b03b89d0743208a18dd2f3f17a54ef4b76fb8e2f2a10 0.0s done
#10 DONE 0.0s

#11 [api builder 1/4] FROM docker.io/library/python:3.12-slim@sha256:05cda9777409a9c3ffddd94a4c476b79f0769a0b4857f0c7ed9226b6800b0d6f
#11 resolve docker.io/library/python:3.12-slim@sha256:05cda9777409a9c3ffddd94a4c476b79f0769a0b4857f0c7ed9226b6800b0d6f 0.0s done
#11 DONE 0.0s

#12 [api builder 2/4] WORKDIR /app
#12 CACHED

#13 [api builder 3/4] COPY requirements.txt .
#13 CACHED

#14 [web internal] load build context
#14 transferring context: 1.54kB done
#14 DONE 0.0s

#15 [web build 2/6] WORKDIR /app
#15 CACHED

#16 [web build 3/6] COPY web/package.json web/package-lock.json ./
#16 CACHED

#17 [web build 4/6] RUN npm ci
#17 ...

#18 [api builder 4/4] RUN pip install --no-cache-dir --prefix=/install -r requirements.txt
#18 1.401 
#18 1.401 [notice] A new release of pip is available: 25.0.1 -> 26.2.1
#18 1.401 [notice] To update, run: pip install --upgrade pip
#18 1.471 ERROR: Invalid requirement: 'Using Python 3.12.13 environment at: venv': Expected end or semicolon (after name and no valid version specifier)
#18 1.471     Using Python 3.12.13 environment at: venv
#18 1.471           ^ (from line 1 of requirements.txt)
#18 ERROR: process "/bin/sh -c pip install --no-cache-dir --prefix=/install -r requirements.txt" did not complete successfully: exit code: 1

#17 [web build 4/6] RUN npm ci
#17 CANCELED
------
 > [api builder 4/4] RUN pip install --no-cache-dir --prefix=/install -r requirements.txt:
1.401 
1.401 [notice] A new release of pip is available: 25.0.1 -> 26.2.1
1.401 [notice] To update, run: pip install --upgrade pip
1.471 ERROR: Invalid requirement: 'Using Python 3.12.13 environment at: venv': Expected end or semicolon (after name and no valid version specifier)
1.471     Using Python 3.12.13 environment at: venv
1.471           ^ (from line 1 of requirements.txt)
------
Dockerfile:5

--------------------

   3 |     WORKDIR /app

   4 |     COPY requirements.txt .

   5 | >>> RUN pip install --no-cache-dir --prefix=/install -r requirements.txt

   6 |     

   7 |     FROM python:3.12-slim

--------------------

target api: failed to solve: process "/bin/sh -c pip install --no-cache-dir --prefix=/install -r requirements.txt" did not complete successfully: exit code: 1

SMOKE TEST FAILED: docker compose up --wait did not reach healthy
